// Jest Snapshot v1, https://goo.gl/fbAQLP

exports[`test siderMenu test siderMenu -- snapshot 1`] = `
<DocumentFragment>
  <aside
    class="ant-layout-sider ant-layout-sider-dark yux-sider"
    style="flex: 0 0 200px; max-width: 200px; min-width: 200px; width: 200px;"
  >
    <div
      class="ant-layout-sider-children"
    >
      <div
        class="logo"
      >
        Idev Work
      </div>
      <ul
        class="ant-menu ant-menu-root ant-menu-inline ant-menu-dark"
        data-menu-list="true"
        data-testid="test-sider-nav"
        role="menu"
        tabindex="0"
      >
        <li
          class="ant-menu-item ant-menu-item-selected ant-menu-item-only-child"
          data-menu-id="rc-menu-uuid-test-dashboard"
          role="menuitem"
          style="padding-left: 24px;"
          tabindex="-1"
        >
          <span
            class="ant-menu-title-content"
          >
            <span>
              仪表盘
            </span>
          </span>
        </li>
      </ul>
      <div
        aria-hidden="true"
        style="display: none;"
      />
    </div>
  </aside>
</DocumentFragment>
`;
